21:58:52 **** Incremental Build of configuration Debug for project HelloWorld ****
make -j16 all 
arm-none-eabi-gcc "../Src/main.c" -mcpu=cortex-m4 -std=gnu11 -g3 -DDEBUG -DNUCLEO_F401RE -DSTM32 -DSTM32F401RETx -DSTM32F4 -c -I../Inc -O0 -ffunction-sections -fdata-sections -Wall -fstack-usage -fcyclomatic-complexity -MMD -MP -MF"Src/main.d" -MT"Src/main.o" --specs=nano.specs -mfloat-abi=soft -mthumb -o "Src/main.o"
arm-none-eabi-gcc -o "HelloWorld.elf" @"objects.list"   -mcpu=cortex-m4 -T"/home/raj/Desktop/STM32Cube/HelloWorld/STM32F401RETX_FLASH.ld" --specs=nosys.specs -Wl,-Map="HelloWorld.map" -Wl,--gc-sections -static --specs=nano.specs -mfloat-abi=soft -mthumb -Wl,--start-group -lc -lm -Wl,--end-group
Finished building target: HelloWorld.elf
 
arm-none-eabi-size  HelloWorld.elf 
arm-none-eabi-objdump -h -S HelloWorld.elf  > "HelloWorld.list"
   text	   data	    bss	    dec	    hex	filename
   3324	     92	   1900	   5316	   14c4	HelloWorld.elf
Finished building: default.size.stdout
 
Finished building: HelloWorld.list
 
21:58:57 **** Incremental Build of configuration Debug for project HelloWorld ****
make -j16 all 
arm-none-eabi-size  HelloWorld.elf 
   text	   data	    bss	    dec	    hex	filename
   3324	     92	   1900	   5316	   14c4	HelloWorld.elf
Finished building: default.size.stdout
 
